<?xml version="1.0" encoding="UTF-8"?>
<testsuites name="jest tests" tests="16" failures="0" time="1.626">
  <testsuite name="Button Component" errors="0" failures="0" skipped="0" timestamp="2020-09-21T18:25:12" time="1.107" tests="3">
    <testcase classname="Button Component Snapshots Should render correctly with no label" name="Button Component Snapshots Should render correctly with no label" time="0.009">
    </testcase>
    <testcase classname="Button Component Snapshots Should render correctly with no children" name="Button Component Snapshots Should render correctly with no children" time="0.001">
    </testcase>
    <testcase classname="Button Component Snapshots Should return null with no label and chidlren" name="Button Component Snapshots Should return null with no label and chidlren" time="0.001">
    </testcase>
  </testsuite>
  <testsuite name="Text Component" errors="0" failures="0" skipped="0" timestamp="2020-09-21T18:25:12" time="1.131" tests="4">
    <testcase classname="Text Component Snapshots Should render normal text" name="Text Component Snapshots Should render normal text" time="0.007">
    </testcase>
    <testcase classname="Text Component Snapshots Should render title type text" name="Text Component Snapshots Should render title type text" time="0.001">
    </testcase>
    <testcase classname="Text Component Snapshots Should render title type text" name="Text Component Snapshots Should render title type text" time="0">
    </testcase>
    <testcase classname="Text Component Snapshots Should render link type text" name="Text Component Snapshots Should render link type text" time="0.002">
    </testcase>
  </testsuite>
  <testsuite name="Image Component" errors="0" failures="0" skipped="0" timestamp="2020-09-21T18:25:12" time="1.133" tests="4">
    <testcase classname="Image Component Snapshots Should render with default size" name="Image Component Snapshots Should render with default size" time="0.008">
    </testcase>
    <testcase classname="Image Component Snapshots Should render with specific size" name="Image Component Snapshots Should render with specific size" time="0.001">
    </testcase>
    <testcase classname="Image Component Snapshots Should render with only specific with" name="Image Component Snapshots Should render with only specific with" time="0">
    </testcase>
    <testcase classname="Image Component Snapshots Should render with only specific height" name="Image Component Snapshots Should render with only specific height" time="0.001">
    </testcase>
  </testsuite>
  <testsuite name="Date Component" errors="0" failures="0" skipped="0" timestamp="2020-09-21T18:25:12" time="1.123" tests="3">
    <testcase classname="Date Component Validate props Should render correctly with string format" name="Date Component Validate props Should render correctly with string format" time="0.017">
    </testcase>
    <testcase classname="Date Component Snapshots Should render correctly with string format" name="Date Component Snapshots Should render correctly with string format" time="0.004">
    </testcase>
    <testcase classname="Date Component Snapshots Should render correctly with string format" name="Date Component Snapshots Should render correctly with string format" time="0.001">
    </testcase>
  </testsuite>
  <testsuite name="Link Component" errors="0" failures="0" skipped="0" timestamp="2020-09-21T18:25:12" time="1.144" tests="2">
    <testcase classname="Link Component Snapshots Should render with only link" name="Link Component Snapshots Should render with only link" time="0.006">
    </testcase>
    <testcase classname="Link Component Snapshots Should render with link and message" name="Link Component Snapshots Should render with link and message" time="0.001">
    </testcase>
  </testsuite>
</testsuites>